// Jest Snapshot v1, https://goo.gl/fbAQLP

exports[`src/create should renders create page 1`] = `
<div>
  <div
    class="sc-hKgILt PnehK"
  >
    <h1
      class="sc-eCssSg kLLfpA"
    >
      Ajouter un lien en favoris
    </h1>
    <button
      class="sc-dlfnbm bpTVga"
    >
      Revenir sur la page précédente
    </button>
    <div
      data-mock="bookmark-form"
    >
      <button
        data-testid="bookmark-form-submit-button"
        type="button"
      >
        Submit
      </button>
    </div>
  </div>
</div>
`;
